******************************************************************************
                  TI ARM Linker PC v20.2.4                     
******************************************************************************
>> Linked Fri Jul 23 16:17:18 2021

OUTPUT FILE NAME:   <lab2.out>
ENTRY POINT SYMBOL: "_c_int00_noargs"  address: 00000941


MEMORY CONFIGURATION

         name            origin    length      used     unused   attr    fill
----------------------  --------  ---------  --------  --------  ----  --------
  FLASH                 00000000   00020000  00000c3e  0001f3c2  R  X
  SRAM                  20000000   00008000  0000047c  00007b84  RW X


SEGMENT ALLOCATION MAP

run origin  load origin   length   init length attrs members
----------  ----------- ---------- ----------- ----- -------
00000000    00000000    00000c44   00000c44    r-x
  00000000    00000000    0000026c   0000026c    r-- .intvecs
  0000026c    0000026c    0000081e   0000081e    r-x .text
  00000a8c    00000a8c    00000190   00000190    r-- .const
  00000c20    00000c20    00000024   00000024    r-- .cinit
20000000    20000000    00000480   00000000    rw-
  20000000    20000000    0000026c   00000000    rw- .vtable
  20000270    20000270    00000200   00000000    rw- .stack
  20000470    20000470    00000010   00000000    rw- .bss


SECTION ALLOCATION MAP

 output                                  attributes/
section   page    origin      length       input sections
--------  ----  ----------  ----------   ----------------
.intvecs   0    00000000    0000026c     
                  00000000    0000026c     tm4c123ge6pm_startup_ccs.obj (.intvecs)

.text      0    0000026c    0000081e     
                  0000026c    0000016c     driverlib.lib : gpio.obj (.text:GPIOPadConfigSet)
                  000003d8    0000013c     main.obj (.text)
                  00000514    00000118     driverlib.lib : sysctl.obj (.text:SysCtlClockGet)
                  0000062c    000000f4                   : sysctl.obj (.text:SysCtlClockSet)
                  00000720    00000068                   : interrupt.obj (.text:IntEnable)
                  00000788    0000004c                   : gpio.obj (.text:GPIOPinConfigure)
                  000007d4    00000046                   : uart.obj (.text:UARTConfigSetExpClk)
                  0000081a    00000002     --HOLE-- [fill = 0]
                  0000081c    00000044     rtsv7M4_T_le_v4SPD16_eabi.lib : autoinit.c.obj (.text:__TI_auto_init_nobinit_nopinit:__TI_auto_init_nobinit_nopinit)
                  00000860    00000040     driverlib.lib : uart.obj (.text:_UARTIntNumberGet)
                  000008a0    00000038                   : sysctl.obj (.text:SysCtlPeripheralReady)
                  000008d8    00000034                   : interrupt.obj (.text:IntRegister)
                  0000090c    00000034                   : sysctl.obj (.text:SysCtlPeripheralEnable)
                  00000940    00000034     rtsv7M4_T_le_v4SPD16_eabi.lib : boot_cortex_m.c.obj (.text:_c_int00_noargs:_c_int00_noargs)
                  00000974    0000002c     driverlib.lib : gpio.obj (.text:GPIODirModeSet)
                  000009a0    00000020                   : uart.obj (.text:UARTDisable)
                  000009c0    0000001c     rtsv7M4_T_le_v4SPD16_eabi.lib : copy_zero_init.c.obj (.text:decompress:ZI:__TI_zero_init_nomemset:__TI_zero_init_nomemset)
                  000009dc    0000001a     driverlib.lib : gpio.obj (.text:GPIOPinTypeGPIOOutput)
                  000009f6    00000018                   : uart.obj (.text:UARTIntRegister)
                  00000a0e    00000016                   : gpio.obj (.text:GPIOPinTypeUART)
                  00000a24    00000014                   : uart.obj (.text:UARTEnable)
                  00000a38    00000010                   : interrupt.obj (.text:IntMasterEnable)
                  00000a48    0000000c                   : cpu.obj (.text:CPUcpsie)
                  00000a54    0000000c     tm4c123ge6pm_startup_ccs.obj (.text)
                  00000a60    0000000a     driverlib.lib : uart.obj (.text:UARTIntStatus)
                  00000a6a    00000008                   : uart.obj (.text:UARTIntEnable)
                  00000a72    00000006                   : gpio.obj (.text:GPIOPinWrite)
                  00000a78    00000006                   : sysctl.obj (.text:SysCtlDelay)
                  00000a7e    00000004                   : uart.obj (.text:UARTIntClear)
                  00000a82    00000004     rtsv7M4_T_le_v4SPD16_eabi.lib : pre_init.c.obj (.text:_system_pre_init)
                  00000a86    00000004                                   : exit.c.obj (.text:abort:abort)

.const     0    00000a8c    00000190     
                  00000a8c    00000090     driverlib.lib : gpio.obj (.const:g_pui32GPIOBaseAddrs)
                  00000b1c    0000006c                   : sysctl.obj (.const:g_pui32Xtals)
                  00000b88    00000040                   : uart.obj (.const:g_ppui32UARTIntMap)
                  00000bc8    00000040                   : uart.obj (.const:g_ppui32UARTIntMapSnowflake)
                  00000c08    00000014                   : interrupt.obj (.const:g_pui32EnRegs)

.cinit     0    00000c20    00000024     
                  00000c20    00000008     (.cinit..bss.load) [load image, compression = zero_init]
                  00000c28    00000008     (.cinit..vtable.load) [load image, compression = zero_init]
                  00000c30    00000004     (__TI_handler_table)
                  00000c34    00000010     (__TI_cinit_table)

.init_array 
*          0    00000000    00000000     UNINITIALIZED

.vtable    0    20000000    0000026c     UNINITIALIZED
                  20000000    0000026c     driverlib.lib : interrupt.obj (.vtable)

.bss       0    20000470    00000010     UNINITIALIZED
                  20000470    00000004     (.common:inval)
                  20000474    00000004     (.common:inval3)
                  20000478    00000004     (.common:oldval)
                  2000047c    00000004     (.common:ui32Loop)

.stack     0    20000270    00000200     UNINITIALIZED
                  20000270    00000004     rtsv7M4_T_le_v4SPD16_eabi.lib : boot_cortex_m.c.obj (.stack)
                  20000274    000001fc     --HOLE--

__llvm_prf_cnts 
*          0    20000000    00000000     UNINITIALIZED

MODULE SUMMARY

       Module                         code   ro data   rw data
       ------                         ----   -------   -------
    .\
       tm4c123ge6pm_startup_ccs.obj   12     620       0      
       main.obj                       316    0         16     
    +--+------------------------------+------+---------+---------+
       Total:                         328    620       16     
                                                              
    C:/ti/TivaWare_C_Series-2.2.0.295/driverlib/ccs/Debug/driverlib.lib
       interrupt.obj                  172    20        620    
       sysctl.obj                     638    108       0      
       gpio.obj                       538    144       0      
       uart.obj                       232    128       0      
       cpu.obj                        12     0         0      
    +--+------------------------------+------+---------+---------+
       Total:                         1592   400       620    
                                                              
    c:\ti\ccsv6\tools\compiler\ti-cgt-arm_20.2.4.LTS\lib\rtsv7M4_T_le_v4SPD16_eabi.lib
       autoinit.c.obj                 68     0         0      
       boot_cortex_m.c.obj            52     0         0      
       copy_zero_init.c.obj           28     0         0      
       exit.c.obj                     4      0         0      
       pre_init.c.obj                 4      0         0      
    +--+------------------------------+------+---------+---------+
       Total:                         156    0         0      
                                                              
       Stack:                         0      0         512    
       Linker Generated:              0      36        0      
    +--+------------------------------+------+---------+---------+
       Grand Total:                   2076   1056      1148   


LINKER GENERATED COPY TABLES

__TI_cinit_table @ 00000c34 records: 2, size/record: 8, table size: 16
	.bss: load addr=00000c20, load size=00000008 bytes, run addr=20000470, run size=00000010 bytes, compression=zero_init
	.vtable: load addr=00000c28, load size=00000008 bytes, run addr=20000000, run size=0000026c bytes, compression=zero_init


LINKER GENERATED HANDLER TABLE

__TI_handler_table @ 00000c30 records: 1, size/record: 4, table size: 4
	index: 0, handler: __TI_zero_init


GLOBAL SYMBOLS: SORTED ALPHABETICALLY BY Name 

address   name                          
-------   ----                          
00000a87  C$$EXIT                       
00000a49  CPUcpsie                      
00000975  GPIODirModeSet                
0000026d  GPIOPadConfigSet              
00000789  GPIOPinConfigure              
000009dd  GPIOPinTypeGPIOOutput         
00000a0f  GPIOPinTypeUART               
00000a73  GPIOPinWrite                  
00000721  IntEnable                     
00000a39  IntMasterEnable               
000008d9  IntRegister                   
00000a55  ResetISR                      
00000515  SysCtlClockGet                
0000062d  SysCtlClockSet                
00000a79  SysCtlDelay                   
0000090d  SysCtlPeripheralEnable        
000008a1  SysCtlPeripheralReady         
000007d5  UARTConfigSetExpClk           
000009a1  UARTDisable                   
00000a25  UARTEnable                    
00000a7f  UARTIntClear                  
00000a6b  UARTIntEnable                 
000009f7  UARTIntRegister               
00000a61  UARTIntStatus                 
20000470  __STACK_END                   
00000200  __STACK_SIZE                  
20000470  __STACK_TOP                   
00000c34  __TI_CINIT_Base               
00000c44  __TI_CINIT_Limit              
00000c30  __TI_Handler_Table_Base       
00000c34  __TI_Handler_Table_Limit      
0000081d  __TI_auto_init_nobinit_nopinit
ffffffff  __TI_pprof_out_hndl           
ffffffff  __TI_prof_data_size           
ffffffff  __TI_prof_data_start          
00000000  __TI_static_base__            
000009c1  __TI_zero_init_nomemset       
ffffffff  __binit__                     
ffffffff  __c_args__                    
UNDEFED   __mpu_init                    
20000270  __stack                       
20000000  __start___llvm_prf_cnts       
20000000  __stop___llvm_prf_cnts        
00000941  _c_int00_noargs               
UNDEFED   _system_post_cinit            
00000a83  _system_pre_init              
00000a87  abort                         
ffffffff  binit                         
20000000  g_pfnRAMVectors               
00000000  g_pfnVectors                  
20000470  inval                         
20000474  inval3                        
00000455  main                          
20000478  oldval                        
000003d9  raspeyRecieve                 
2000047c  ui32Loop                      


GLOBAL SYMBOLS: SORTED BY Symbol Address 

address   name                          
-------   ----                          
00000000  __TI_static_base__            
00000000  g_pfnVectors                  
00000200  __STACK_SIZE                  
0000026d  GPIOPadConfigSet              
000003d9  raspeyRecieve                 
00000455  main                          
00000515  SysCtlClockGet                
0000062d  SysCtlClockSet                
00000721  IntEnable                     
00000789  GPIOPinConfigure              
000007d5  UARTConfigSetExpClk           
0000081d  __TI_auto_init_nobinit_nopinit
000008a1  SysCtlPeripheralReady         
000008d9  IntRegister                   
0000090d  SysCtlPeripheralEnable        
00000941  _c_int00_noargs               
00000975  GPIODirModeSet                
000009a1  UARTDisable                   
000009c1  __TI_zero_init_nomemset       
000009dd  GPIOPinTypeGPIOOutput         
000009f7  UARTIntRegister               
00000a0f  GPIOPinTypeUART               
00000a25  UARTEnable                    
00000a39  IntMasterEnable               
00000a49  CPUcpsie                      
00000a55  ResetISR                      
00000a61  UARTIntStatus                 
00000a6b  UARTIntEnable                 
00000a73  GPIOPinWrite                  
00000a79  SysCtlDelay                   
00000a7f  UARTIntClear                  
00000a83  _system_pre_init              
00000a87  C$$EXIT                       
00000a87  abort                         
00000c30  __TI_Handler_Table_Base       
00000c34  __TI_CINIT_Base               
00000c34  __TI_Handler_Table_Limit      
00000c44  __TI_CINIT_Limit              
20000000  __start___llvm_prf_cnts       
20000000  __stop___llvm_prf_cnts        
20000000  g_pfnRAMVectors               
20000270  __stack                       
20000470  __STACK_END                   
20000470  __STACK_TOP                   
20000470  inval                         
20000474  inval3                        
20000478  oldval                        
2000047c  ui32Loop                      
ffffffff  __TI_pprof_out_hndl           
ffffffff  __TI_prof_data_size           
ffffffff  __TI_prof_data_start          
ffffffff  __binit__                     
ffffffff  __c_args__                    
ffffffff  binit                         
UNDEFED   __mpu_init                    
UNDEFED   _system_post_cinit            

[56 symbols]
