******************************************************************************
                  TI ARM Linker PC v20.2.1                     
******************************************************************************
>> Linked Mon Jul 19 15:04:33 2021

OUTPUT FILE NAME:   <UltrasonicSensor.out>
ENTRY POINT SYMBOL: "_c_int00_noargs"  address: 00000dd5


MEMORY CONFIGURATION

         name            origin    length      used     unused   attr    fill
----------------------  --------  ---------  --------  --------  ----  --------
  FLASH                 00000000   00040000  00000e80  0003f180  R  X
  SRAM                  20000000   00008000  00000210  00007df0  RW X


SEGMENT ALLOCATION MAP

run origin  load origin   length   init length attrs members
----------  ----------- ---------- ----------- ----- -------
00000000    00000000    00000e84   00000e84    r-x
  00000000    00000000    0000026c   0000026c    r-- .intvecs
  0000026c    0000026c    00000c00   00000c00    r-x .text
  00000e70    00000e70    00000014   00000014    r-- .cinit
20000000    20000000    00000210   00000000    rw-
  20000000    20000000    00000200   00000000    rw- .stack
  20000200    20000200    00000010   00000000    rw- .bss


SECTION ALLOCATION MAP

 output                                  attributes/
section   page    origin      length       input sections
--------  ----  ----------  ----------   ----------------
.intvecs   0    00000000    0000026c     
                  00000000    0000026c     tm4c123gh6pm_startup_ccs.obj (.intvecs)

.text      0    0000026c    00000c00     
                  0000026c    0000049c     GPIO_program.obj (.text)
                  00000708    00000320     LCD_program.obj (.text)
                  00000a28    000000fc     rtsv7M4_T_le_v4SPD16_eabi.lib : fd_mul_t2.asm.obj (.text)
                  00000b24    000000dc     timer_program.obj (.text)
                  00000c00    000000ac     Ultrasonic_program.obj (.text)
                  00000cac    000000a0     main.obj (.text)
                  00000d4c    00000044     rtsv7M4_T_le_v4SPD16_eabi.lib : autoinit.c.obj (.text:__TI_auto_init_nobinit_nopinit:__TI_auto_init_nobinit_nopinit)
                  00000d90    00000044                                   : fd_tou_t2.asm.obj (.text)
                  00000dd4    00000034                                   : boot_cortex_m.c.obj (.text:_c_int00_noargs:_c_int00_noargs)
                  00000e08    00000020                                   : u_tofd_t2.asm.obj (.text)
                  00000e28    0000001c                                   : copy_zero_init.c.obj (.text:decompress:ZI:__TI_zero_init_nomemset:__TI_zero_init_nomemset)
                  00000e44    00000014                                   : strlen.c.obj (.text:strlen)
                  00000e58    0000000c     tm4c123gh6pm_startup_ccs.obj (.text)
                  00000e64    00000004     rtsv7M4_T_le_v4SPD16_eabi.lib : pre_init.c.obj (.text:_system_pre_init)
                  00000e68    00000004                                   : exit.c.obj (.text:abort:abort)

.cinit     0    00000e70    00000014     
                  00000e70    00000008     (.cinit..bss.load) [load image, compression = zero_init]
                  00000e78    00000004     (__TI_handler_table)
                  00000e7c    00000008     (__TI_cinit_table)

.init_array 
*          0    00000000    00000000     UNINITIALIZED

.bss       0    20000200    00000010     UNINITIALIZED
                  20000200    00000004     (.common:Distance)
                  20000204    00000004     (.common:First_edge)
                  20000208    00000004     (.common:Second_edge)
                  2000020c    00000004     (.common:TIME)

.stack     0    20000000    00000200     UNINITIALIZED
                  20000000    00000004     rtsv7M4_T_le_v4SPD16_eabi.lib : boot_cortex_m.c.obj (.stack)
                  20000004    000001fc     --HOLE--

__llvm_prf_cnts 
*          0    20000000    00000000     UNINITIALIZED

MODULE SUMMARY

       Module                         code   ro data   rw data
       ------                         ----   -------   -------
    .\
       GPIO_program.obj               1180   0         0      
       LCD_program.obj                800    0         0      
       tm4c123gh6pm_startup_ccs.obj   12     620       0      
       timer_program.obj              220    0         0      
       Ultrasonic_program.obj         172    0         16     
       main.obj                       160    0         0      
    +--+------------------------------+------+---------+---------+
       Total:                         2544   620       16     
                                                              
    E:\Self_Study\ccs\tools\compiler\ti-cgt-arm_20.2.1.LTS\lib\rtsv7M4_T_le_v4SPD16_eabi.lib
       fd_mul_t2.asm.obj              252    0         0      
       autoinit.c.obj                 68     0         0      
       fd_tou_t2.asm.obj              68     0         0      
       boot_cortex_m.c.obj            52     0         0      
       u_tofd_t2.asm.obj              32     0         0      
       copy_zero_init.c.obj           28     0         0      
       strlen.c.obj                   20     0         0      
       exit.c.obj                     4      0         0      
       pre_init.c.obj                 4      0         0      
    +--+------------------------------+------+---------+---------+
       Total:                         528    0         0      
                                                              
       Stack:                         0      0         512    
       Linker Generated:              0      20        0      
    +--+------------------------------+------+---------+---------+
       Grand Total:                   3072   640       528    


LINKER GENERATED COPY TABLES

__TI_cinit_table @ 00000e7c records: 1, size/record: 8, table size: 8
	.bss: load addr=00000e70, load size=00000008 bytes, run addr=20000200, run size=00000010 bytes, compression=zero_init


LINKER GENERATED HANDLER TABLE

__TI_handler_table @ 00000e78 records: 1, size/record: 4, table size: 4
	index: 0, handler: __TI_zero_init


GLOBAL SYMBOLS: SORTED ALPHABETICALLY BY Name 

address   name                          
-------   ----                          
00000e69  C$$EXIT                       
20000200  Distance                      
20000204  First_edge                    
00000955  LCD_clearScreen               
000007e3  LCD_displayCharacter          
0000088d  LCD_displayString             
0000091b  LCD_displayStringRowColumn    
000008bd  LCD_goToRowColumn             
00000709  LCD_init                      
0000093b  LCD_intgerToString            
00000739  LCD_sendCommand               
00000c01  Measure_Distance              
0000026d  Port_Init                     
00000e59  ResetISR                      
20000208  Second_edge                   
0000034d  Set_PORT_direction            
000006a1  Set_Pin_alternative           
000003c9  Set_Pin_direction             
00000555  Set_pin_value                 
2000020c  TIME                          
00000b25  Timer0_Init                   
20000200  __STACK_END                   
00000200  __STACK_SIZE                  
20000200  __STACK_TOP                   
00000e7c  __TI_CINIT_Base               
00000e84  __TI_CINIT_Limit              
00000e78  __TI_Handler_Table_Base       
00000e7c  __TI_Handler_Table_Limit      
00000d4d  __TI_auto_init_nobinit_nopinit
ffffffff  __TI_pprof_out_hndl           
ffffffff  __TI_prof_data_size           
ffffffff  __TI_prof_data_start          
00000000  __TI_static_base__            
00000e29  __TI_zero_init_nomemset       
00000d91  __aeabi_d2uiz                 
00000a29  __aeabi_dmul                  
00000e09  __aeabi_ui2d                  
ffffffff  __binit__                     
ffffffff  __c_args__                    
UNDEFED   __mpu_init                    
20000000  __stack                       
20000000  __start___llvm_prf_cnts       
20000000  __stop___llvm_prf_cnts        
00000dd5  _c_int00_noargs               
UNDEFED   _system_post_cinit            
00000e65  _system_pre_init              
00000e69  abort                         
ffffffff  binit                         
00000b5b  delay_Microsecond             
00000000  g_pfnVectors                  
000009b5  itoa                          
00000cad  main                          
0000095f  reverse_string                
00000e45  strlen                        


GLOBAL SYMBOLS: SORTED BY Symbol Address 

address   name                          
-------   ----                          
00000000  __TI_static_base__            
00000000  g_pfnVectors                  
00000200  __STACK_SIZE                  
0000026d  Port_Init                     
0000034d  Set_PORT_direction            
000003c9  Set_Pin_direction             
00000555  Set_pin_value                 
000006a1  Set_Pin_alternative           
00000709  LCD_init                      
00000739  LCD_sendCommand               
000007e3  LCD_displayCharacter          
0000088d  LCD_displayString             
000008bd  LCD_goToRowColumn             
0000091b  LCD_displayStringRowColumn    
0000093b  LCD_intgerToString            
00000955  LCD_clearScreen               
0000095f  reverse_string                
000009b5  itoa                          
00000a29  __aeabi_dmul                  
00000b25  Timer0_Init                   
00000b5b  delay_Microsecond             
00000c01  Measure_Distance              
00000cad  main                          
00000d4d  __TI_auto_init_nobinit_nopinit
00000d91  __aeabi_d2uiz                 
00000dd5  _c_int00_noargs               
00000e09  __aeabi_ui2d                  
00000e29  __TI_zero_init_nomemset       
00000e45  strlen                        
00000e59  ResetISR                      
00000e65  _system_pre_init              
00000e69  C$$EXIT                       
00000e69  abort                         
00000e78  __TI_Handler_Table_Base       
00000e7c  __TI_CINIT_Base               
00000e7c  __TI_Handler_Table_Limit      
00000e84  __TI_CINIT_Limit              
20000000  __stack                       
20000000  __start___llvm_prf_cnts       
20000000  __stop___llvm_prf_cnts        
20000200  Distance                      
20000200  __STACK_END                   
20000200  __STACK_TOP                   
20000204  First_edge                    
20000208  Second_edge                   
2000020c  TIME                          
ffffffff  __TI_pprof_out_hndl           
ffffffff  __TI_prof_data_size           
ffffffff  __TI_prof_data_start          
ffffffff  __binit__                     
ffffffff  __c_args__                    
ffffffff  binit                         
UNDEFED   __mpu_init                    
UNDEFED   _system_post_cinit            

[54 symbols]
