******************************************************************************
                  TI ARM Linker PC v20.2.1                     
******************************************************************************
>> Linked Fri Jul 23 14:47:35 2021

OUTPUT FILE NAME:   <test_inerrupt.out>
ENTRY POINT SYMBOL: "_c_int00_noargs"  address: 00000f71


MEMORY CONFIGURATION

         name            origin    length      used     unused   attr    fill
----------------------  --------  ---------  --------  --------  ----  --------
  FLASH                 00000000   00040000  00000fe2  0003f01e  R  X
  SRAM                  20000000   00008000  00000208  00007df8  RW X


SEGMENT ALLOCATION MAP

run origin  load origin   length   init length attrs members
----------  ----------- ---------- ----------- ----- -------
00000000    00000000    00000fe4   00000fe4    r-x
  00000000    00000000    0000026c   0000026c    r-- .intvecs
  0000026c    0000026c    00000d5a   00000d5a    r-x .text
  00000fc8    00000fc8    0000001c   0000001c    r-- .cinit
20000000    20000000    00000208   00000000    rw-
  20000000    20000000    00000200   00000000    rw- .stack
  20000200    20000200    00000008   00000000    rw- .data


SECTION ALLOCATION MAP

 output                                  attributes/
section   page    origin      length       input sections
--------  ----  ----------  ----------   ----------------
.intvecs   0    00000000    0000026c     
                  00000000    0000026c     tm4c123gh6pm_startup_ccs.obj (.intvecs)

.text      0    0000026c    00000d5a     
                  0000026c    0000054c     UART_program.obj (.text)
                  000007b8    000004f0     GPIO_program.obj (.text)
                  00000ca8    000000dc     timer_program.obj (.text)
                  00000d84    000000a4     main.obj (.text)
                  00000e28    0000009c     rtsv7M4_T_le_v4SPD16_eabi.lib : memcpy_t2.asm.obj (.text)
                  00000ec4    00000068                                   : copy_decompress_lzss.c.obj (.text:decompress:lzss:__TI_decompress_lzss)
                  00000f2c    00000044                                   : autoinit.c.obj (.text:__TI_auto_init_nobinit_nopinit:__TI_auto_init_nobinit_nopinit)
                  00000f70    00000034                                   : boot_cortex_m.c.obj (.text:_c_int00_noargs:_c_int00_noargs)
                  00000fa4    0000000e                                   : copy_decompress_none.c.obj (.text:decompress:none:__TI_decompress_none)
                  00000fb2    0000000c     tm4c123gh6pm_startup_ccs.obj (.text)
                  00000fbe    00000004     rtsv7M4_T_le_v4SPD16_eabi.lib : pre_init.c.obj (.text:_system_pre_init)
                  00000fc2    00000004                                   : exit.c.obj (.text:abort:abort)

.cinit     0    00000fc8    0000001c     
                  00000fc8    0000000b     (.cinit..data.load) [load image, compression = lzss]
                  00000fd3    00000001     --HOLE-- [fill = 0]
                  00000fd4    00000008     (__TI_handler_table)
                  00000fdc    00000008     (__TI_cinit_table)

.init_array 
*          0    00000000    00000000     UNINITIALIZED

.data      0    20000200    00000008     UNINITIALIZED
                  20000200    00000008     UART_program.obj (.data)

.stack     0    20000000    00000200     UNINITIALIZED
                  20000000    00000004     rtsv7M4_T_le_v4SPD16_eabi.lib : boot_cortex_m.c.obj (.stack)
                  20000004    000001fc     --HOLE--

__llvm_prf_cnts 
*          0    20000000    00000000     UNINITIALIZED

MODULE SUMMARY

       Module                         code   ro data   rw data
       ------                         ----   -------   -------
    .\
       UART_program.obj               1356   0         8      
       GPIO_program.obj               1264   0         0      
       tm4c123gh6pm_startup_ccs.obj   12     620       0      
       timer_program.obj              220    0         0      
       main.obj                       164    0         0      
    +--+------------------------------+------+---------+---------+
       Total:                         3016   620       8      
                                                              
    E:\CodeComosetor\installation\ccs\tools\compiler\ti-cgt-arm_20.2.1.LTS\lib\rtsv7M4_T_le_v4SPD16_eabi.lib
       memcpy_t2.asm.obj              156    0         0      
       copy_decompress_lzss.c.obj     104    0         0      
       autoinit.c.obj                 68     0         0      
       boot_cortex_m.c.obj            52     0         0      
       copy_decompress_none.c.obj     14     0         0      
       exit.c.obj                     4      0         0      
       pre_init.c.obj                 4      0         0      
    +--+------------------------------+------+---------+---------+
       Total:                         402    0         0      
                                                              
       Stack:                         0      0         512    
       Linker Generated:              0      27        0      
    +--+------------------------------+------+---------+---------+
       Grand Total:                   3418   647       520    


LINKER GENERATED COPY TABLES

__TI_cinit_table @ 00000fdc records: 1, size/record: 8, table size: 8
	.data: load addr=00000fc8, load size=0000000b bytes, run addr=20000200, run size=00000008 bytes, compression=lzss


LINKER GENERATED HANDLER TABLE

__TI_handler_table @ 00000fd4 records: 2, size/record: 4, table size: 8
	index: 0, handler: __TI_decompress_lzss
	index: 1, handler: __TI_decompress_none


GLOBAL SYMBOLS: SORTED ALPHABETICALLY BY Name 

address   name                          
-------   ----                          
20000202  BAUD_RATE_FRACTION            
20000200  BAUD_RATE_INTEGER             
00000fc3  C$$EXIT                       
000006f5  FRACTION_BAUD_RATE            
0000069d  INTEGER_BAUD_RATE             
000007b9  Port_Init                     
00000fb3  ResetISR                      
00000899  Set_PORT_direction            
00000be9  Set_Pin_alternative           
00000913  Set_Pin_direction             
00000a9d  Set_pin_value                 
20000204  TOTAL_BAUD_RATE               
00000ca9  Timer0_Init                   
00000d85  UART5_Handler                 
0000026d  UART_Init                     
0000048b  UART_ReadData                 
00000551  UART_SendData                 
0000064d  UART_sendString               
20000200  __STACK_END                   
00000200  __STACK_SIZE                  
20000200  __STACK_TOP                   
00000fdc  __TI_CINIT_Base               
00000fe4  __TI_CINIT_Limit              
00000fd4  __TI_Handler_Table_Base       
00000fdc  __TI_Handler_Table_Limit      
00000f2d  __TI_auto_init_nobinit_nopinit
00000ec5  __TI_decompress_lzss          
00000fa5  __TI_decompress_none          
ffffffff  __TI_pprof_out_hndl           
ffffffff  __TI_prof_data_size           
ffffffff  __TI_prof_data_start          
00000000  __TI_static_base__            
00000e29  __aeabi_memcpy                
00000e29  __aeabi_memcpy4               
00000e29  __aeabi_memcpy8               
ffffffff  __binit__                     
ffffffff  __c_args__                    
UNDEFED   __mpu_init                    
20000000  __stack                       
20000000  __start___llvm_prf_cnts       
20000000  __stop___llvm_prf_cnts        
00000f71  _c_int00_noargs               
UNDEFED   _system_post_cinit            
00000fbf  _system_pre_init              
00000fc3  abort                         
ffffffff  binit                         
00000cdf  delay_Microsecond             
00000000  g_pfnVectors                  
00000dcb  main                          
00000e29  memcpy                        


GLOBAL SYMBOLS: SORTED BY Symbol Address 

address   name                          
-------   ----                          
00000000  __TI_static_base__            
00000000  g_pfnVectors                  
00000200  __STACK_SIZE                  
0000026d  UART_Init                     
0000048b  UART_ReadData                 
00000551  UART_SendData                 
0000064d  UART_sendString               
0000069d  INTEGER_BAUD_RATE             
000006f5  FRACTION_BAUD_RATE            
000007b9  Port_Init                     
00000899  Set_PORT_direction            
00000913  Set_Pin_direction             
00000a9d  Set_pin_value                 
00000be9  Set_Pin_alternative           
00000ca9  Timer0_Init                   
00000cdf  delay_Microsecond             
00000d85  UART5_Handler                 
00000dcb  main                          
00000e29  __aeabi_memcpy                
00000e29  __aeabi_memcpy4               
00000e29  __aeabi_memcpy8               
00000e29  memcpy                        
00000ec5  __TI_decompress_lzss          
00000f2d  __TI_auto_init_nobinit_nopinit
00000f71  _c_int00_noargs               
00000fa5  __TI_decompress_none          
00000fb3  ResetISR                      
00000fbf  _system_pre_init              
00000fc3  C$$EXIT                       
00000fc3  abort                         
00000fd4  __TI_Handler_Table_Base       
00000fdc  __TI_CINIT_Base               
00000fdc  __TI_Handler_Table_Limit      
00000fe4  __TI_CINIT_Limit              
20000000  __stack                       
20000000  __start___llvm_prf_cnts       
20000000  __stop___llvm_prf_cnts        
20000200  BAUD_RATE_INTEGER             
20000200  __STACK_END                   
20000200  __STACK_TOP                   
20000202  BAUD_RATE_FRACTION            
20000204  TOTAL_BAUD_RATE               
ffffffff  __TI_pprof_out_hndl           
ffffffff  __TI_prof_data_size           
ffffffff  __TI_prof_data_start          
ffffffff  __binit__                     
ffffffff  __c_args__                    
ffffffff  binit                         
UNDEFED   __mpu_init                    
UNDEFED   _system_post_cinit            

[50 symbols]
